
########## cenario: stdin-eof ##########
[...] 100 ciclos de encerramento abrupto (host com pipe real em stdin)
[i] logs e PIDs em C:\Users\jonyd\AppData\Local\Temp\gobsidian_orphan_b7fceefeeb6f49c78d9966e70de4811a
[i] 10/100
[i] 20/100
[i] 30/100
[i] 40/100
[i] 50/100
[i] 60/100
[i] 70/100
[i] 80/100
[i] 90/100
[i] 100/100
[i] motivos observados nos logs de debug:
    stdin-eof: 100x
[OK] Nenhum orfao em 100 ciclos

########## cenario: parent-death ##########
[...] 100 ciclos de encerramento abrupto (host com pipe real em stdin)
[i] logs e PIDs em C:\Users\jonyd\AppData\Local\Temp\gobsidian_orphan_54450a9e8e144ed882e6a13a006c82ca
[i] 10/100
[i] 20/100
[i] 30/100
[i] 40/100
[i] 50/100
[i] 60/100
[i] 70/100
[i] 80/100
[i] 90/100
[i] 100/100
[i] motivos observados nos logs de debug:
    parent-gone: 100x
[OK] Nenhum orfao em 100 ciclos

########## cenario: signal ##########
WARNING: [!] Binario desatualizado: bin\gobsidian.exe e mais antigo que doc.go
WARNING: [!] Rode 'pwsh -File scripts/build.ps1' antes do gate -- este script nao compila.

########## cenario: daemon-idle ##########
WARNING: [!] Binario desatualizado: bin\gobsidian.exe e mais antigo que doc.go
WARNING: [!] Rode 'pwsh -File scripts/build.ps1' antes do gate -- este script nao compila.

WARNING: [!] FALHA nos cenarios: signal, daemon-idle
